[22:25:36] binary: 2026-09-08_18:25:21 version v0.fork.2e1552fc0; tree 2e1552fc0 fork: the wsl image was on X: all along, and the move this session advised broke it (T21)
[22:25:36] tailnet: 100.82.213.46
[22:25:37] launch: product profile + console, bind tailnet
[22:25:42] instance: 1 record(s)
warpdev: profile PRODUCT + CONSOLE
  WARP_FORK_CONTROL_BIND   = 100.82.213.46:41234
warpdev: binary C:\dev\warp\target\release\warp-oss.exe
[22:25:42] the origin the fork publishes for a phone
[22:25:42]   url origin: 100.82.213.46:41234 (expect 100.82.213.46:41234)
[22:25:42] reachability from the Windows side on the tailnet address (curl.exe is Schannel: -k for the private CA)
curl: unknown --write-out variable: 'tls_version'
  https / -> 200 0 tls=
[22:25:42]   ca.crt sha256 4f1515d0a781e2f1 vs state 4f1515d0a781e2f1
[22:25:42] cd the pane, one text-only conversation
[22:25:47] conversation C ac335281-9207-42db-bcc5-e5b660a71f5d
[22:25:54] the QR on the monitor: the pane runs pair show for C
[22:25:54]   scan it with the phone on cellular, then send a prompt from the page
[22:25:54] waiting up to 15 min for the record to show the phone
[22:27:37]   phone rows: 1
    22:27:31 prompt_submit paired_device
[22:27:37] done; the block state and the phone's screenshots are the person's
console after the toggles: https / -> 200
