12:2026-09-05T15:47:12Z [INFO] [warp::server::cloud_objects::listener] Attempting to start websocket connection in CloudObjects::Listener
33:2026-09-05T15:47:12Z [WARN] [warp::server::cloud_objects::listener] CloudObjects::Listener: websocket connection failed to connect or finished with an error; trying again: missing authentication credentials
111:2026-09-05T15:47:16Z [INFO] [warp::terminal::model::session] Shell is bootstrapped with session_id SessionId(7311933633460623612)
112:2026-09-05T15:47:16Z [INFO] [warp::terminal::model_events] WSL session SessionId(7311933633460623612) bootstrapped in Ubuntu; attaching a remote server
113:2026-09-05T15:47:16Z [INFO] [warp::remote_server::wsl_transport] Connecting remote server to WSL distro Ubuntu for session SessionId(7311933633460623612)
114:2026-09-05T15:47:16Z [INFO] [remote_server::manager] Starting remote server connection: session=SessionId(7311933633460623612)
145:2026-09-05T15:47:17Z [INFO] [remote_server::client] [remote_server] 11:47:18.675 [INFO] Proxy: reusing existing daemon
146:2026-09-05T15:47:17Z [INFO] [remote_server::client] [remote_server] 11:47:18.675 [INFO] Proxy: connecting to daemon socket at /home/effatha/.warp-dev/remote-server/d9b8ac72/server-bd6b5408.sock
147:2026-09-05T15:47:17Z [INFO] [remote_server::client] [remote_server] 11:47:18.675 [INFO] Proxy: connected, bridging stdio
149:2026-09-05T15:47:17Z [INFO] [remote_server::client] [Remote codebase indexing] Client received codebase index statuses push: status_count=0
150:2026-09-05T15:47:17Z [WARN] [remote_server::manager] Remote server version differs from the client: session=SessionId(7311933633460623612) client=Some("v0.fork.1a42ecdb8") server="v0.fork.14a9a5384"
151:2026-09-05T15:47:17Z [INFO] [remote_server::manager] [Remote codebase indexing] Remote server initialize handshake complete: session=SessionId(7311933633460623612) host=4880ca5e-2c1f-4b5a-8c39-ee84d472c03a server_version="v0.fork.14a9a5384"
152:2026-09-05T15:47:17Z [INFO] [remote_server::manager] Remote server connected: session=SessionId(7311933633460623612) host=4880ca5e-2c1f-4b5a-8c39-ee84d472c03a
153:2026-09-05T15:47:17Z [INFO] [warp::terminal::model_events] Remote server ready for session SessionId(7311933633460623612)
471:2026-09-05T15:47:43Z [INFO] [warp::terminal::model::session] Shell is bootstrapped with session_id SessionId(6849699714582989822)
472:2026-09-05T15:47:43Z [INFO] [warp::terminal::model_events] WSL session SessionId(6849699714582989822) bootstrapped in Ubuntu; attaching a remote server
473:2026-09-05T15:47:43Z [INFO] [warp::remote_server::wsl_transport] Connecting remote server to WSL distro Ubuntu for session SessionId(6849699714582989822)
474:2026-09-05T15:47:43Z [INFO] [remote_server::manager] Starting remote server connection: session=SessionId(6849699714582989822)
483:2026-09-05T15:47:43Z [INFO] [remote_server::client] [remote_server] 11:47:45.928 [INFO] Proxy: reusing existing daemon
484:2026-09-05T15:47:43Z [INFO] [remote_server::client] [remote_server] 11:47:45.928 [INFO] Proxy: connecting to daemon socket at /home/effatha/.warp-dev/remote-server/d9b8ac72/server-bd6b5408.sock
485:2026-09-05T15:47:43Z [INFO] [remote_server::client] [remote_server] 11:47:45.928 [INFO] Proxy: connected, bridging stdio
486:2026-09-05T15:47:43Z [INFO] [remote_server::client] [Remote codebase indexing] Client received codebase index statuses push: status_count=0
487:2026-09-05T15:47:43Z [WARN] [remote_server::manager] Remote server version differs from the client: session=SessionId(6849699714582989822) client=Some("v0.fork.1a42ecdb8") server="v0.fork.14a9a5384"
488:2026-09-05T15:47:43Z [INFO] [remote_server::manager] [Remote codebase indexing] Remote server initialize handshake complete: session=SessionId(6849699714582989822) host=4880ca5e-2c1f-4b5a-8c39-ee84d472c03a server_version="v0.fork.14a9a5384"
489:2026-09-05T15:47:43Z [INFO] [remote_server::manager] Remote server connected: session=SessionId(6849699714582989822) host=4880ca5e-2c1f-4b5a-8c39-ee84d472c03a
490:2026-09-05T15:47:43Z [INFO] [warp::terminal::model_events] Remote server ready for session SessionId(6849699714582989822)
503:2026-09-05T15:47:49Z [INFO] [warp::server::cloud_objects::listener] Attempting to start websocket connection in CloudObjects::Listener
504:2026-09-05T15:47:49Z [WARN] [warp::server::cloud_objects::listener] CloudObjects::Listener: websocket connection failed to connect or finished with an error; trying again: missing authentication credentials
